// Jest Snapshot v1, https://goo.gl/fbAQLP

exports[`App render with redux state 1`] = `ReactWrapper {}`;
